[http://example.com/]

RMA: #1000002
Customer Name: John Doe
Email address: john_test@example.com
Store: USA Store Group
Staff (Owner): Unassigned
Status: Approved
Created: January 21, 2014 12:58:57 AM PST
Updated: January 21, 2014 12:58:57 AM PST

text, text, text
text, text, text
text, text, text.

PRODUCT NAME
SKU
QTY
REASON
CONDITION
RESOLUTION