[http://example.com/]

text, text, text
text, text, text
text, text, text.

You can check the status of reply to this message online at:
http://example.com/rma/guest/view/id/abcdef12345/

Thank you,
USA STORE GROUP